<?xml version="1.0" encoding="UTF-8"?>
<testsuites name="jest tests" tests="2" failures="0" errors="0" time="1.698">
  <testsuite name="here we go" errors="0" failures="0" skipped="0" timestamp="2022-12-16T10:37:16" time="1.547" tests="2">
    <testcase classname="here we go responds to /" name="here we go responds to /" time="0.054">
    </testcase>
    <testcase classname="here we go responds to post req /xyz" name="here we go responds to post req /xyz" time="0.039">
    </testcase>
  </testsuite>
</testsuites>